// Jest Snapshot v1, https://goo.gl/fbAQLP

exports[`should render MoreVertical icon without error 1`] = `
<svg
  aria-hidden="true"
  className="sc-EHOje eRdHEU StyledIconBase-sc-bdy9j4 jbPeIR"
  fill="currentColor"
  focusable="false"
  viewBox="0 0 24 24"
  xmlns="http://www.w3.org/2000/svg"
>
  <path
    d="M12 8c1.1 0 2-.9 2-2s-.9-2-2-2-2 .9-2 2 .9 2 2 2zm0 2c-1.1 0-2 .9-2 2s.9 2 2 2 2-.9 2-2-.9-2-2-2zm0 6c-1.1 0-2 .9-2 2s.9 2 2 2 2-.9 2-2-.9-2-2-2z"
  />
</svg>
`;
